client/src/components/mobile/application-card.tsx(52,6): error TS2322: Type '{ children: Element; onTouchStart: (e: TouchEvent) => void; onTouchMove: (e: TouchEvent) => void; onTouchEnd: (e: TouchEvent) => void; className: string; }' is not assignable to type 'HTMLAttributes<HTMLDivElement>'.
  Types of property 'onTouchEnd' are incompatible.
    Type '(e: TouchEvent) => void' is not assignable to type 'TouchEventHandler<HTMLDivElement>'.
      Types of parameters 'e' and 'event' are incompatible.
        Type 'TouchEvent<HTMLDivElement>' is missing the following properties from type 'TouchEvent': which, initUIEvent, cancelBubble, composed, and 9 more.
client/src/pages/clients.tsx(184,45): error TS18048: 'client.applicationsRemaining' is possibly 'undefined'.
client/src/pages/clients.tsx(227,43): error TS18048: 'client.applicationsRemaining' is possibly 'undefined'.
server/auth.ts(163,11): error TS2339: Property 'user' does not exist on type 'Request<ParamsDictionary, any, any, ParsedQs, Record<string, any>>'.
server/auth.ts(195,7): error TS2339: Property 'user' does not exist on type 'Request<ParamsDictionary, any, any, ParsedQs, Record<string, any>>'.
server/auth.ts(201,14): error TS2339: Property 'user' does not exist on type 'Request<ParamsDictionary, any, any, ParsedQs, Record<string, any>>'.
server/auth.ts(205,29): error TS2339: Property 'user' does not exist on type 'Request<ParamsDictionary, any, any, ParsedQs, Record<string, any>>'.
server/cache.ts(59,32): error TS2802: Type 'MapIterator<[string, CacheEntry<any>]>' can only be iterated through when using the '--downlevelIteration' flag or with a '--target' of 'es2015' or higher.
server/main.ts(88,24): error TS7006: Parameter 'bodyJson' implicitly has an 'any' type.
server/main.ts(88,34): error TS7019: Rest parameter 'args' implicitly has an 'any[]' type.
server/main.ts(90,39): error TS2345: Argument of type '[any, ...any[]]' is not assignable to parameter of type '[body?: any]'.
  Target allows only 1 element(s) but source may have more.
server/routes.ts(208,32): error TS2339: Property 'user' does not exist on type 'Request<ParamsDictionary, any, any, ParsedQs, Record<string, any>>'.
server/routes.ts(297,21): error TS2339: Property 'enableUser' does not exist on type 'DatabaseStorage'.
server/routes.ts(321,32): error TS2339: Property 'user' does not exist on type 'Request<ParamsDictionary, any, any, ParsedQs, Record<string, any>>'.
server/routes.ts(345,32): error TS2339: Property 'user' does not exist on type 'Request<ParamsDictionary, any, any, ParsedQs, Record<string, any>>'.
server/routes.ts(451,24): error TS18048: 'generatedLatex' is possibly 'undefined'.
server/routes.ts(477,32): error TS2339: Property 'user' does not exist on type 'Request<ParamsDictionary, any, any, ParsedQs, Record<string, any>>'.
server/routes.ts(536,28): error TS18048: 'response.text' is possibly 'undefined'.
server/routes.ts(574,32): error TS2339: Property 'user' does not exist on type 'Request<ParamsDictionary, any, any, ParsedQs, Record<string, any>>'.
server/routes.ts(642,24): error TS18048: 'optimizedLatex' is possibly 'undefined'.
server/routes.ts(679,25): error TS2339: Property 'user' does not exist on type 'Request<ParamsDictionary, any, any, ParsedQs, Record<string, any>>'.
server/routes.ts(716,25): error TS2339: Property 'user' does not exist on type 'Request<ParamsDictionary, any, any, ParsedQs, Record<string, any>>'.
server/routes.ts(764,25): error TS2339: Property 'user' does not exist on type 'Request<ParamsDictionary, any, any, ParsedQs, Record<string, any>>'.
server/routes.ts(813,25): error TS2339: Property 'user' does not exist on type 'Request<ParamsDictionary, any, any, ParsedQs, Record<string, any>>'.
server/routes.ts(842,25): error TS2339: Property 'user' does not exist on type 'Request<ParamsDictionary, any, any, ParsedQs, Record<string, any>>'.
server/routes.ts(894,25): error TS2339: Property 'user' does not exist on type 'Request<ParamsDictionary, any, any, ParsedQs, Record<string, any>>'.
server/routes.ts(913,25): error TS2339: Property 'user' does not exist on type 'Request<ParamsDictionary, any, any, ParsedQs, Record<string, any>>'.
server/routes.ts(941,25): error TS2339: Property 'user' does not exist on type 'Request<ParamsDictionary, any, any, ParsedQs, Record<string, any>>'.
server/routes.ts(1073,15): error TS2339: Property 'user' does not exist on type 'Request<ParamsDictionary, any, any, ParsedQs, Record<string, any>>'.
server/routes.ts(1073,45): error TS2339: Property 'user' does not exist on type 'Request<ParamsDictionary, any, any, ParsedQs, Record<string, any>>'.
server/routes.ts(1107,25): error TS2339: Property 'user' does not exist on type 'Request<ParamsDictionary, any, any, ParsedQs, Record<string, any>>'.
server/routes.ts(1138,25): error TS2339: Property 'user' does not exist on type 'Request<ParamsDictionary, any, any, ParsedQs, Record<string, any>>'.
